---
source: tinc-integration-tests/src/floats.rs
expression: svc.openapi_schema()
---
{
  "openapi": "3.1.0",
  "info": {
    "title": "",
    "version": ""
  },
  "paths": {
    "/float": {
      "post": {
        "tags": [
          "FloatService"
        ],
        "responses": {
          "200": {
            "content": {
              "application/json": {
                "schema": {
                  "$ref": "#/components/schemas/floats.FloatMessageWithSomeNonFinite"
                }
              }
            },
            "description": ""
          }
        },
        "requestBody": {
          "content": {
            "application/json": {
              "schema": {
                "$ref": "#/components/schemas/floats.FloatMessageWithNonFinite"
              }
            }
          }
        }
      }
    }
  },
  "components": {
    "schemas": {
      "floats.FloatMessageWithNonFinite": {
        "properties": {
          "simple_f32": {
            "oneOf": [
              {
                "type": "number"
              },
              {
                "enum": [
                  "Infinity",
                  "-Infinity",
                  "NaN"
                ],
                "type": "string"
              }
            ]
          },
          "simple_f64": {
            "oneOf": [
              {
                "type": "number"
              },
              {
                "enum": [
                  "Infinity",
                  "-Infinity",
                  "NaN"
                ],
                "type": "string"
              }
            ]
          },
          "rep_f32": {
            "items": {
              "oneOf": [
                {
                  "type": "number"
                },
                {
                  "enum": [
                    "Infinity",
                    "-Infinity",
                    "NaN"
                  ],
                  "type": "string"
                }
              ]
            },
            "type": "array"
          },
          "rep_f64": {
            "items": {
              "oneOf": [
                {
                  "type": "number"
                },
                {
                  "enum": [
                    "Infinity",
                    "-Infinity",
                    "NaN"
                  ],
                  "type": "string"
                }
              ]
            },
            "type": "array"
          },
          "opt_f32": {
            "oneOf": [
              {
                "type": "null"
              },
              {
                "oneOf": [
                  {
                    "type": "number"
                  },
                  {
                    "enum": [
                      "Infinity",
                      "-Infinity",
                      "NaN"
                    ],
                    "type": "string"
                  }
                ]
              }
            ]
          },
          "opt_f64": {
            "oneOf": [
              {
                "type": "null"
              },
              {
                "oneOf": [
                  {
                    "type": "number"
                  },
                  {
                    "enum": [
                      "Infinity",
                      "-Infinity",
                      "NaN"
                    ],
                    "type": "string"
                  }
                ]
              }
            ]
          },
          "google_f32": {
            "oneOf": [
              {
                "type": "null"
              },
              {
                "oneOf": [
                  {
                    "type": "number"
                  },
                  {
                    "enum": [
                      "Infinity",
                      "-Infinity",
                      "NaN"
                    ],
                    "type": "string"
                  }
                ]
              }
            ]
          },
          "google_f64": {
            "oneOf": [
              {
                "type": "null"
              },
              {
                "oneOf": [
                  {
                    "type": "number"
                  },
                  {
                    "enum": [
                      "Infinity",
                      "-Infinity",
                      "NaN"
                    ],
                    "type": "string"
                  }
                ]
              }
            ]
          },
          "map_f32": {
            "additionalProperties": {
              "oneOf": [
                {
                  "type": "number"
                },
                {
                  "enum": [
                    "Infinity",
                    "-Infinity",
                    "NaN"
                  ],
                  "type": "string"
                }
              ]
            },
            "propertyNames": {
              "type": "string"
            },
            "type": "object"
          },
          "map_f64": {
            "additionalProperties": {
              "oneOf": [
                {
                  "type": "number"
                },
                {
                  "enum": [
                    "Infinity",
                    "-Infinity",
                    "NaN"
                  ],
                  "type": "string"
                }
              ]
            },
            "propertyNames": {
              "type": "string"
            },
            "type": "object"
          },
          "variant": {
            "oneOf": [
              {
                "properties": {
                  "oneof_f32": {
                    "oneOf": [
                      {
                        "type": "number"
                      },
                      {
                        "enum": [
                          "Infinity",
                          "-Infinity",
                          "NaN"
                        ],
                        "type": "string"
                      }
                    ]
                  }
                },
                "title": "oneof_f32",
                "type": "object",
                "unevaluatedProperties": false
              },
              {
                "properties": {
                  "oneof_f64": {
                    "oneOf": [
                      {
                        "type": "number"
                      },
                      {
                        "enum": [
                          "Infinity",
                          "-Infinity",
                          "NaN"
                        ],
                        "type": "string"
                      }
                    ]
                  }
                },
                "title": "oneof_f64",
                "type": "object",
                "unevaluatedProperties": false
              }
            ],
            "title": "floats.FloatMessageWithNonFinite.variant",
            "type": "object",
            "unevaluatedProperties": false
          }
        },
        "required": [
          "simple_f32",
          "simple_f64",
          "rep_f32",
          "rep_f64",
          "map_f32",
          "map_f64",
          "variant"
        ],
        "title": "floats.FloatMessageWithNonFinite",
        "type": "object",
        "unevaluatedProperties": false
      },
      "floats.FloatMessageWithSomeNonFinite": {
        "properties": {
          "f32_with_non_finite_serializer": {
            "oneOf": [
              {
                "type": "number"
              },
              {
                "enum": [
                  "Infinity",
                  "-Infinity",
                  "NaN"
                ],
                "type": "string"
              }
            ],
            "description": "In build.rs some of these fields are marked as using\n serializer with NaN/Infinity support, some without",
            "not": {
              "enum": [
                "NaN"
              ]
            }
          },
          "f64_with_non_finite_serializer": {
            "oneOf": [
              {
                "type": "number"
              },
              {
                "enum": [
                  "Infinity",
                  "-Infinity",
                  "NaN"
                ],
                "type": "string"
              }
            ],
            "exclusiveMinimum": 0.0,
            "not": {
              "enum": [
                "NaN",
                "Infinity",
                "-Infinity"
              ]
            }
          },
          "f32_with_primitive_serializer": {
            "type": "number"
          },
          "f64_with_primitive_serializer": {
            "type": "number"
          }
        },
        "required": [
          "f32_with_non_finite_serializer",
          "f64_with_non_finite_serializer",
          "f32_with_primitive_serializer",
          "f64_with_primitive_serializer"
        ],
        "title": "floats.FloatMessageWithSomeNonFinite",
        "type": "object",
        "unevaluatedProperties": false
      }
    }
  },
  "tags": [
    {
      "name": "FloatService",
      "description": ""
    }
  ]
}
