---
source: crates/tinc/integration/src/bytes_service.rs
expression: svc.openapi_schema()
---
{
  "openapi": "3.1.0",
  "info": {
    "title": "",
    "version": ""
  },
  "paths": {
    "/upload": {
      "post": {
        "tags": [
          "BytesService"
        ],
        "responses": {
          "200": {
            "content": {
              "application/octet-stream": {
                "schema": {
                  "type": "string",
                  "contentEncoding": "binary"
                }
              }
            },
            "description": ""
          }
        },
        "requestBody": {
          "content": {
            "application/octet-stream": {
              "schema": {
                "type": "string",
                "contentEncoding": "binary"
              }
            }
          }
        }
      }
    }
  },
  "components": {},
  "tags": [
    {
      "name": "BytesService",
      "description": ""
    }
  ]
}
